
> oscar-uploader-frontend@1.0.0 build
> vite build

vite v8.0.3 building client environment for production...
[2Ktransforming...✓ 23 modules transformed.
✗ Build failed in 84ms
error during build:
Build failed with 1 error:

[plugin vite:prepare-out-dir]
Error: EPERM: operation not permitted, copyfile '/config/dev/oscar-shareable/frontend/public/images/help-import-folder.svg' -> '/config/dev/oscar-shareable/frontend/dist/images/help-import-folder.svg'
    at Object.copyFileSync (node:fs:3090:11)
    at copyDir (file:///config/dev/oscar-shareable/frontend/node_modules/vite/dist/node/chunks/node.js:1904:11)
    at copyDir (file:///config/dev/oscar-shareable/frontend/node_modules/vite/dist/node/chunks/node.js:1903:43)
    at prepareOutDir (file:///config/dev/oscar-shareable/frontend/node_modules/vite/dist/node/chunks/node.js:32612:4)
    at PluginContextImpl.handler (file:///config/dev/oscar-shareable/frontend/node_modules/vite/dist/node/chunks/node.js:32595:6)
    at PluginContextImpl.handler (file:///config/dev/oscar-shareable/frontend/node_modules/vite/dist/node/chunks/node.js:33109:13)
    at plugin (file:///config/dev/oscar-shareable/frontend/node_modules/rolldown/dist/shared/bindingify-input-options-e7ze4hPR.mjs:1212:12)
    at plugin.<computed> (file:///config/dev/oscar-shareable/frontend/node_modules/rolldown/dist/shared/bindingify-input-options-e7ze4hPR.mjs:1593:18)
    at aggregateBindingErrorsIntoJsError (file:///config/dev/oscar-shareable/frontend/node_modules/rolldown/dist/shared/error-BLhcSyeg.mjs:48:18)
    at unwrapBindingResult (file:///config/dev/oscar-shareable/frontend/node_modules/rolldown/dist/shared/error-BLhcSyeg.mjs:18:128)
    at #build (file:///config/dev/oscar-shareable/frontend/node_modules/rolldown/dist/shared/rolldown-build-CPrIX9V6.mjs:3313:34)
    at async buildEnvironment (file:///config/dev/oscar-shareable/frontend/node_modules/vite/dist/node/chunks/node.js:32849:64)
    at async Object.build (file:///config/dev/oscar-shareable/frontend/node_modules/vite/dist/node/chunks/node.js:33271:19)
    at async Object.buildApp (file:///config/dev/oscar-shareable/frontend/node_modules/vite/dist/node/chunks/node.js:33268:153)
    at async CAC.<anonymous> (file:///config/dev/oscar-shareable/frontend/node_modules/vite/dist/node/cli.js:778:3) {
  errors: [Getter/Setter]
}
